result:
  type: array
  items: {$ref: Status}
types:
  Entities:
    id: Entities
    type: object
    properties:
      hashtags:
        type: array
        items: {$ref: Hashtag}
      urls:
        type: array
        items: {$ref: URLEntity}
      user_mentions:
        type: array
        items: {$ref: UserMention}
  Hashtag:
    id: Hashtag
    type: object
    properties:
      indices:
        type: array
        items: {type: integer}
      text: {type: string}
  Location:
    id: Location
    type: ['null', string]
  Place:
    id: Place
    type: ['null', object]
    properties:
      id: {type: string}
      attributes: {type: object}
      bounding_box:
        type: object
        properties:
          type: {type: string}
          coordinates:
            type: array
            items:
              type: array
              items:
                type: array
                items: {type: float}
      country: {type: string}
      country_code: {type: string}
      full_name: {type: string}
      name: {type: string}
      place_type: {type: string}
      url: {type: string}
  RetweetedStatus:
    id: RetweetedStatus
    type: object
    properties:
      id: {type: integer}
      contributors: {type: 'null'}
      coordinates: {type: 'null'}
      created_at: {type: string}
      entities: {$ref: Entities}
      favorited: {type: boolean}
      geo: {type: 'null'}
      id_str: {type: string}
      in_reply_to_screen_name:
        type: ['null', string]
      in_reply_to_status_id:
        type: [integer, 'null']
      in_reply_to_status_id_str:
        type: ['null', string]
      in_reply_to_user_id:
        type: [integer, 'null']
      in_reply_to_user_id_str:
        type: ['null', string]
      place: {$ref: Place}
      possibly_sensitive: {type: boolean}
      retweet_count:
        type: [integer, string]
      retweeted: {type: boolean}
      source: {type: string}
      text: {type: string}
      truncated: {type: boolean}
      user: {$ref: User}
  Status:
    id: Status
    type: object
    properties:
      id: {type: integer}
      contributors: {type: 'null'}
      coordinates:
        type: ['null', object]
        properties:
          type: {type: string}
          coordinates:
            type: array
            items: {type: float}
      created_at: {type: string}
      delete:
        type: object
        properties:
          status:
            type: object
            properties:
              id: {type: integer}
              id_str: {type: string}
              user_id: {$ref: UserId}
              user_id_str: {type: string}
      entities: {$ref: Entities}
      favorited: {type: boolean}
      geo:
        type: ['null', object]
        properties:
          type: {type: string}
          coordinates:
            type: array
            items: {type: float}
      id_str: {type: string}
      in_reply_to_screen_name:
        type: ['null', string]
      in_reply_to_status_id:
        type: [integer, 'null']
      in_reply_to_status_id_str:
        type: ['null', string]
      in_reply_to_user_id:
        type: [integer, 'null']
      in_reply_to_user_id_str:
        type: ['null', string]
      place: {$ref: Place}
      possibly_sensitive: {type: boolean}
      retweet_count:
        type: [integer, string]
      retweeted: {type: boolean}
      retweeted_status: {$ref: RetweetedStatus}
      source: {type: string}
      text: {type: string}
      truncated: {type: boolean}
      user: {$ref: User}
  URLEntity:
    id: URLEntity
    type: object
    properties:
      display_url: {type: string}
      expanded_url: {type: string}
      indices:
        type: array
        items: {type: integer}
      url: {type: string}
  User:
    id: User
    type: object
    properties:
      description:
        type: ['null', string]
      id: {type: integer}
      contributors_enabled: {type: boolean}
      created_at: {type: string}
      default_profile: {type: boolean}
      default_profile_image: {type: boolean}
      favourites_count: {type: integer}
      follow_request_sent: {type: 'null'}
      followers_count: {type: integer}
      following: {type: 'null'}
      friends_count: {type: integer}
      geo_enabled: {type: boolean}
      id_str: {type: string}
      is_translator: {type: boolean}
      lang: {type: string}
      listed_count: {type: integer}
      location: {$ref: Location}
      name: {type: string}
      notifications: {type: 'null'}
      profile_background_color: {type: string}
      profile_background_image_url: {type: string}
      profile_background_image_url_https: {type: string}
      profile_background_tile: {type: boolean}
      profile_image_url: {type: string}
      profile_image_url_https: {type: string}
      profile_link_color: {type: string}
      profile_sidebar_border_color: {type: string}
      profile_sidebar_fill_color: {type: string}
      profile_text_color: {type: string}
      profile_use_background_image: {type: boolean}
      protected: {type: boolean}
      screen_name: {type: string}
      show_all_inline_media: {type: boolean}
      statuses_count: {type: integer}
      time_zone:
        type: ['null', string]
      url:
        type: ['null', string]
      utc_offset:
        type: [integer, 'null']
      verified: {type: boolean}
  UserId: {id: UserId, type: integer}
  UserMention:
    id: UserMention
    type: object
    properties:
      id: {type: integer}
      id_str: {type: string}
      indices:
        type: array
        items: {type: integer}
      name: {type: string}
      screen_name: {type: string}
