properties:
  annotations: {type: 'null'}
  contributors: {type: 'null'}
  coordinates: {type: 'null'}
  created_at: {type: string}
  entities:
    properties:
      hashtags:
        items:
          properties:
            indices:
              items: {type: integer}
              type: array
            text: {type: string}
          type: object
        type: array
      urls:
        items:
          properties:
            expanded_url: {type: 'null'}
            indices:
              items: {type: integer}
              type: array
            url: {type: string}
          type: object
        type: array
      user_mentions:
        items:
          properties:
            id: {type: integer}
            indices:
              items: {type: integer}
              type: array
            name: {type: string}
            screen_name: {type: string}
          type: object
        type: array
    type: object
  favorited: {type: boolean}
  geo: {type: 'null'}
  id: {type: integer}
  in_reply_to_screen_name:
    type: [string, 'null']
  in_reply_to_status_id: {type: 'null'}
  in_reply_to_user_id:
    type: [integer, 'null']
  place: {type: 'null'}
  source: {type: string}
  text: {type: string}
  truncated: {type: boolean}
  user:
    properties:
      contributors_enabled: {type: boolean}
      created_at: {type: string}
      description:
        type: [string, 'null']
      favourites_count: {type: integer}
      follow_request_sent: {type: boolean}
      followers_count: {type: integer}
      following: {type: boolean}
      friends_count: {type: integer}
      geo_enabled: {type: boolean}
      id: {type: integer}
      lang: {type: string}
      location:
        type: [string, 'null']
      name: {type: string}
      notifications: {type: boolean}
      profile_background_color: {type: string}
      profile_background_image_url: {type: string}
      profile_background_tile: {type: boolean}
      profile_image_url: {type: string}
      profile_link_color: {type: string}
      profile_sidebar_border_color: {type: string}
      profile_sidebar_fill_color: {type: string}
      profile_text_color: {type: string}
      profile_use_background_image: {type: boolean}
      protected: {type: boolean}
      screen_name: {type: string}
      statuses_count: {type: integer}
      time_zone:
        type: [string, 'null']
      url:
        type: [string, 'null']
      utc_offset:
        type: [integer, 'null']
      verified: {type: boolean}
    type: object
type: object
